ARM Linker, 5.03 [Build 76] [MDK-ARM Lite]

==============================================================================

Section Cross References

    startup.o(RESET) refers to startup.o(STACK) for StackMem
    startup.o(RESET) refers to main.o(.text) for SysTick_Handler
    startup.o(RESET) refers to entry.o(.ARM.Collect$$$$00000000) for __main
    main.o(.text) refers to startup.o(.text) for DisableInterrupts
    main.o(.text) refers to systick.o(.text) for SysTick_Wait
    main.o(.text) refers to pulsecount.o(.text) for PeriodMeasure
    main.o(.text) refers to st7735.o(.text) for Output_Init
    main.o(.text) refers to switch.o(.text) for Switch_Init
    main.o(.text) refers to pwm.o(.text) for PWM0_Init
    main.o(.text) refers to lcd.o(.text) for drawMainMenu
    main.o(.text) refers to main.o(.data) for StatusRF
    main.o(.text) refers to main.o(.bss) for pastDistances
    st7735.o(.text) refers to st7735.o(.data) for RowStart
    st7735.o(.text) refers to st7735.o(.constdata) for Bcmd
    st7735.o(.text) refers to st7735.o(.bss) for Message
    switch.o(.text) refers to systick.o(.text) for SysTick_Wait
    lcd.o(.text) refers to st7735.o(.text) for Output_Clear
    entry.o(.ARM.Collect$$$$00000000) refers (Special) to entry10a.o(.ARM.Collect$$$$0000000D) for __rt_final_cpp
    entry.o(.ARM.Collect$$$$00000000) refers (Special) to entry11a.o(.ARM.Collect$$$$0000000F) for __rt_final_exit
    entry.o(.ARM.Collect$$$$00000000) refers (Special) to entry7b.o(.ARM.Collect$$$$00000008) for _main_clock
    entry.o(.ARM.Collect$$$$00000000) refers (Special) to entry8b.o(.ARM.Collect$$$$0000000A) for _main_cpp_init
    entry.o(.ARM.Collect$$$$00000000) refers (Special) to entry9a.o(.ARM.Collect$$$$0000000B) for _main_init
    entry.o(.ARM.Collect$$$$00000000) refers (Special) to entry5.o(.ARM.Collect$$$$00000004) for _main_scatterload
    entry.o(.ARM.Collect$$$$00000000) refers (Special) to entry2.o(.ARM.Collect$$$$00000001) for _main_stk
    entry2.o(.ARM.Collect$$$$00000001) refers to entry2.o(.ARM.Collect$$$$00002712) for __lit__00000000
    entry2.o(.ARM.Collect$$$$00002712) refers to startup.o(STACK) for __initial_sp
    entry2.o(__vectab_stack_and_reset_area) refers to startup.o(STACK) for __initial_sp
    entry2.o(__vectab_stack_and_reset_area) refers to entry.o(.ARM.Collect$$$$00000000) for __main
    entry5.o(.ARM.Collect$$$$00000004) refers to init.o(.text) for __scatterload
    entry9a.o(.ARM.Collect$$$$0000000B) refers to main.o(.text) for main
    entry9b.o(.ARM.Collect$$$$0000000C) refers to main.o(.text) for main
    init.o(.text) refers to entry5.o(.ARM.Collect$$$$00000004) for __main_after_scatterload


==============================================================================

Removing Unused input sections from the image.

    Removing startup.o(HEAP), (0 bytes).

1 unused section(s) (total 0 bytes) removed from the image.

==============================================================================

Image Symbol Table

    Local Symbols

    Symbol Name                              Value     Ov Type        Size  Object(Section)

    RESET                                    0x00000000   Section      280  startup.o(RESET)
    ../clib/microlib/init/entry.s            0x00000000   Number         0  entry.o ABSOLUTE
    ../clib/microlib/init/entry.s            0x00000000   Number         0  entry11b.o ABSOLUTE
    ../clib/microlib/init/entry.s            0x00000000   Number         0  entry11a.o ABSOLUTE
    ../clib/microlib/init/entry.s            0x00000000   Number         0  entry10a.o ABSOLUTE
    ../clib/microlib/init/entry.s            0x00000000   Number         0  entry9b.o ABSOLUTE
    ../clib/microlib/init/entry.s            0x00000000   Number         0  entry9a.o ABSOLUTE
    ../clib/microlib/init/entry.s            0x00000000   Number         0  entry8b.o ABSOLUTE
    ../clib/microlib/init/entry.s            0x00000000   Number         0  entry2.o ABSOLUTE
    ../clib/microlib/init/entry.s            0x00000000   Number         0  entry8a.o ABSOLUTE
    ../clib/microlib/init/entry.s            0x00000000   Number         0  entry10b.o ABSOLUTE
    ../clib/microlib/init/entry.s            0x00000000   Number         0  entry7b.o ABSOLUTE
    ../clib/microlib/init/entry.s            0x00000000   Number         0  entry7a.o ABSOLUTE
    ../clib/microlib/init/entry.s            0x00000000   Number         0  entry5.o ABSOLUTE
    LCD.c                                    0x00000000   Number         0  lcd.o ABSOLUTE
    PWM.c                                    0x00000000   Number         0  pwm.o ABSOLUTE
    PulseCount.c                             0x00000000   Number         0  pulsecount.o ABSOLUTE
    ST7735.c                                 0x00000000   Number         0  st7735.o ABSOLUTE
    Startup.s                                0x00000000   Number         0  startup.o ABSOLUTE
    Switch.c                                 0x00000000   Number         0  switch.o ABSOLUTE
    Systick.c                                0x00000000   Number         0  systick.o ABSOLUTE
    dc.s                                     0x00000000   Number         0  dc.o ABSOLUTE
    handlers.s                               0x00000000   Number         0  handlers.o ABSOLUTE
    init.s                                   0x00000000   Number         0  init.o ABSOLUTE
    main.c                                   0x00000000   Number         0  main.o ABSOLUTE
    .ARM.Collect$$$$00000000                 0x00000118   Section        0  entry.o(.ARM.Collect$$$$00000000)
    .ARM.Collect$$$$00000001                 0x00000118   Section        4  entry2.o(.ARM.Collect$$$$00000001)
    .ARM.Collect$$$$00000004                 0x0000011c   Section        4  entry5.o(.ARM.Collect$$$$00000004)
    .ARM.Collect$$$$00000008                 0x00000120   Section        0  entry7b.o(.ARM.Collect$$$$00000008)
    .ARM.Collect$$$$0000000A                 0x00000120   Section        0  entry8b.o(.ARM.Collect$$$$0000000A)
    .ARM.Collect$$$$0000000B                 0x00000120   Section        8  entry9a.o(.ARM.Collect$$$$0000000B)
    .ARM.Collect$$$$0000000D                 0x00000128   Section        0  entry10a.o(.ARM.Collect$$$$0000000D)
    .ARM.Collect$$$$0000000F                 0x00000128   Section        0  entry11a.o(.ARM.Collect$$$$0000000F)
    .ARM.Collect$$$$00002712                 0x00000128   Section        4  entry2.o(.ARM.Collect$$$$00002712)
    __lit__00000000                          0x00000128   Data           4  entry2.o(.ARM.Collect$$$$00002712)
    .text                                    0x0000012c   Section       28  startup.o(.text)
    .text                                    0x00000148   Section        0  main.o(.text)
    .text                                    0x00000904   Section        0  st7735.o(.text)
    writecommand                             0x00000905   Thumb Code    42  st7735.o(.text)
    writedata                                0x0000092f   Thumb Code    26  st7735.o(.text)
    commandList                              0x00000969   Thumb Code    86  st7735.o(.text)
    commonInit                               0x000009bf   Thumb Code   260  st7735.o(.text)
    setAddrWindow                            0x00000ac3   Thumb Code   106  st7735.o(.text)
    pushColor                                0x00000c7d   Thumb Code    18  st7735.o(.text)
    .text                                    0x000017e0   Section        0  switch.o(.text)
    .text                                    0x0000188c   Section        0  systick.o(.text)
    .text                                    0x00001920   Section        0  lcd.o(.text)
    .text                                    0x00001a20   Section        0  pwm.o(.text)
    .text                                    0x00001b3c   Section        0  pulsecount.o(.text)
    .text                                    0x00001c28   Section       36  init.o(.text)
    i.__scatterload_copy                     0x00001c4c   Section       14  handlers.o(i.__scatterload_copy)
    i.__scatterload_null                     0x00001c5a   Section        2  handlers.o(i.__scatterload_null)
    i.__scatterload_zeroinit                 0x00001c5c   Section       14  handlers.o(i.__scatterload_zeroinit)
    .constdata                               0x00001c6a   Section     2018  st7735.o(.constdata)
    Font                                     0x00001c6a   Data        1275  st7735.o(.constdata)
    Bcmd                                     0x00002165   Data         103  st7735.o(.constdata)
    Rcmd1                                    0x000021cc   Data          59  st7735.o(.constdata)
    Rcmd2green                               0x00002207   Data          13  st7735.o(.constdata)
    Rcmd2red                                 0x00002214   Data          13  st7735.o(.constdata)
    Rcmd3                                    0x00002221   Data          43  st7735.o(.constdata)
    .data                                    0x20000000   Section       64  main.o(.data)
    .data                                    0x20000040   Section       44  st7735.o(.data)
    _width                                   0x2000004a   Data           2  st7735.o(.data)
    _height                                  0x2000004c   Data           2  st7735.o(.data)
    ColStart                                 0x20000054   Data           1  st7735.o(.data)
    RowStart                                 0x20000055   Data           1  st7735.o(.data)
    Rotation                                 0x20000056   Data           1  st7735.o(.data)
    TabColor                                 0x20000057   Data           1  st7735.o(.data)
    .bss                                     0x2000006c   Section       20  main.o(.bss)
    .bss                                     0x20000080   Section       12  st7735.o(.bss)
    STACK                                    0x20000090   Section     1024  startup.o(STACK)
    StackMem                                 0x20000090   Data           0  startup.o(STACK)

    Global Symbols

    Symbol Name                              Value     Ov Type        Size  Object(Section)

    BuildAttributes$$THM_ISAv4$P$D$K$B$S$PE$A:L22UL41UL21$X:L11$S22US41US21$IEEE1$IW$USESV6$~STKCKD$USESV7$~SHL$OSPACE$EBA8$MICROLIB$REQ8$PRES8$EABIv2 0x00000000   Number         0  anon$$obj.o ABSOLUTE
    __ARM_use_no_argv                        0x00000000   Number         0  main.o ABSOLUTE
    __Vectors                                0x00000000   Data           0  startup.o(RESET)
    __cpp_initialize__aeabi_                  - Undefined Weak Reference
    __cxa_finalize                            - Undefined Weak Reference
    __decompress                              - Undefined Weak Reference
    _clock_init                               - Undefined Weak Reference
    _microlib_exit                            - Undefined Weak Reference
    Reset_Handler                            0x00000101   Thumb Code     0  startup.o(RESET)
    NMI_Handler                              0x00000105   Thumb Code     2  startup.o(RESET)
    HardFault_Handler                        0x00000107   Thumb Code     2  startup.o(RESET)
    MemManage_Handler                        0x00000109   Thumb Code     2  startup.o(RESET)
    BusFault_Handler                         0x0000010b   Thumb Code     2  startup.o(RESET)
    UsageFault_Handler                       0x0000010d   Thumb Code     2  startup.o(RESET)
    SVC_Handler                              0x0000010f   Thumb Code     2  startup.o(RESET)
    DebugMon_Handler                         0x00000111   Thumb Code     2  startup.o(RESET)
    PendSV_Handler                           0x00000113   Thumb Code     2  startup.o(RESET)
    ADC0_Handler                             0x00000117   Thumb Code     0  startup.o(RESET)
    ADC1_Handler                             0x00000117   Thumb Code     0  startup.o(RESET)
    ADC2_Handler                             0x00000117   Thumb Code     0  startup.o(RESET)
    ADC3_Handler                             0x00000117   Thumb Code     0  startup.o(RESET)
    CAN0_Handler                             0x00000117   Thumb Code     0  startup.o(RESET)
    CAN1_Handler                             0x00000117   Thumb Code     0  startup.o(RESET)
    CAN2_Handler                             0x00000117   Thumb Code     0  startup.o(RESET)
    Comp0_Handler                            0x00000117   Thumb Code     0  startup.o(RESET)
    Comp1_Handler                            0x00000117   Thumb Code     0  startup.o(RESET)
    Comp2_Handler                            0x00000117   Thumb Code     0  startup.o(RESET)
    Ethernet_Handler                         0x00000117   Thumb Code     0  startup.o(RESET)
    FlashCtl_Handler                         0x00000117   Thumb Code     0  startup.o(RESET)
    GPIOPortA_Handler                        0x00000117   Thumb Code     0  startup.o(RESET)
    GPIOPortB_Handler                        0x00000117   Thumb Code     0  startup.o(RESET)
    GPIOPortC_Handler                        0x00000117   Thumb Code     0  startup.o(RESET)
    GPIOPortD_Handler                        0x00000117   Thumb Code     0  startup.o(RESET)
    GPIOPortE_Handler                        0x00000117   Thumb Code     0  startup.o(RESET)
    GPIOPortF_Handler                        0x00000117   Thumb Code     0  startup.o(RESET)
    GPIOPortG_Handler                        0x00000117   Thumb Code     0  startup.o(RESET)
    GPIOPortH_Handler                        0x00000117   Thumb Code     0  startup.o(RESET)
    Hibernate_Handler                        0x00000117   Thumb Code     0  startup.o(RESET)
    I2C0_Handler                             0x00000117   Thumb Code     0  startup.o(RESET)
    I2C1_Handler                             0x00000117   Thumb Code     0  startup.o(RESET)
    PWM0_Handler                             0x00000117   Thumb Code     0  startup.o(RESET)
    PWM1_Handler                             0x00000117   Thumb Code     0  startup.o(RESET)
    PWM2_Handler                             0x00000117   Thumb Code     0  startup.o(RESET)
    PWM3_Handler                             0x00000117   Thumb Code     0  startup.o(RESET)
    PWMFault_Handler                         0x00000117   Thumb Code     0  startup.o(RESET)
    Quadrature0_Handler                      0x00000117   Thumb Code     0  startup.o(RESET)
    Quadrature1_Handler                      0x00000117   Thumb Code     0  startup.o(RESET)
    SSI0_Handler                             0x00000117   Thumb Code     0  startup.o(RESET)
    SSI1_Handler                             0x00000117   Thumb Code     0  startup.o(RESET)
    SysCtl_Handler                           0x00000117   Thumb Code     0  startup.o(RESET)
    Timer0B_Handler                          0x00000117   Thumb Code     0  startup.o(RESET)
    Timer1A_Handler                          0x00000117   Thumb Code     0  startup.o(RESET)
    Timer1B_Handler                          0x00000117   Thumb Code     0  startup.o(RESET)
    Timer2A_Handler                          0x00000117   Thumb Code     0  startup.o(RESET)
    Timer2B_Handler                          0x00000117   Thumb Code     0  startup.o(RESET)
    Timer3A_Handler                          0x00000117   Thumb Code     0  startup.o(RESET)
    Timer3B_Handler                          0x00000117   Thumb Code     0  startup.o(RESET)
    UART0_Handler                            0x00000117   Thumb Code     0  startup.o(RESET)
    UART1_Handler                            0x00000117   Thumb Code     0  startup.o(RESET)
    UART2_Handler                            0x00000117   Thumb Code     0  startup.o(RESET)
    USB0_Handler                             0x00000117   Thumb Code     0  startup.o(RESET)
    WDT_Handler                              0x00000117   Thumb Code     0  startup.o(RESET)
    uDMA_Error                               0x00000117   Thumb Code     0  startup.o(RESET)
    uDMA_Handler                             0x00000117   Thumb Code     0  startup.o(RESET)
    __main                                   0x00000119   Thumb Code     0  entry.o(.ARM.Collect$$$$00000000)
    _main_stk                                0x00000119   Thumb Code     0  entry2.o(.ARM.Collect$$$$00000001)
    _main_scatterload                        0x0000011d   Thumb Code     0  entry5.o(.ARM.Collect$$$$00000004)
    __main_after_scatterload                 0x00000121   Thumb Code     0  entry5.o(.ARM.Collect$$$$00000004)
    _main_clock                              0x00000121   Thumb Code     0  entry7b.o(.ARM.Collect$$$$00000008)
    _main_cpp_init                           0x00000121   Thumb Code     0  entry8b.o(.ARM.Collect$$$$0000000A)
    _main_init                               0x00000121   Thumb Code     0  entry9a.o(.ARM.Collect$$$$0000000B)
    __rt_final_cpp                           0x00000129   Thumb Code     0  entry10a.o(.ARM.Collect$$$$0000000D)
    __rt_final_exit                          0x00000129   Thumb Code     0  entry11a.o(.ARM.Collect$$$$0000000F)
    DisableInterrupts                        0x0000012d   Thumb Code     0  startup.o(.text)
    EnableInterrupts                         0x00000131   Thumb Code     0  startup.o(.text)
    StartCritical                            0x00000135   Thumb Code     0  startup.o(.text)
    EndCritical                              0x0000013d   Thumb Code     0  startup.o(.text)
    WaitForInterrupt                         0x00000143   Thumb Code     0  startup.o(.text)
    Timer0A_Handler                          0x00000149   Thumb Code    98  main.o(.text)
    SysTick_Handler                          0x000001ab   Thumb Code    60  main.o(.text)
    Trigger_Init                             0x000001e7   Thumb Code    62  main.o(.text)
    convertSensorInput                       0x00000225   Thumb Code    16  main.o(.text)
    ringAlarm                                0x00000235   Thumb Code    14  main.o(.text)
    silenceAlarm                             0x00000243   Thumb Code    14  main.o(.text)
    main2                                    0x00000251   Thumb Code    86  main.o(.text)
    main                                     0x000002a7   Thumb Code  1496  main.o(.text)
    Delay1ms                                 0x00000949   Thumb Code    32  st7735.o(.text)
    ST7735_FillRect                          0x00000b2d   Thumb Code   164  st7735.o(.text)
    ST7735_FillScreen                        0x00000bd1   Thumb Code    28  st7735.o(.text)
    ST7735_SetCursor                         0x00000bed   Thumb Code    22  st7735.o(.text)
    ST7735_InitB                             0x00000c03   Thumb Code    32  st7735.o(.text)
    ST7735_InitR                             0x00000c23   Thumb Code    90  st7735.o(.text)
    ST7735_DrawPixel                         0x00000c8f   Thumb Code    68  st7735.o(.text)
    ST7735_DrawFastVLine                     0x00000cd3   Thumb Code   200  st7735.o(.text)
    ST7735_DrawFastHLine                     0x00000d9b   Thumb Code   116  st7735.o(.text)
    ST7735_Color565                          0x00000e0f   Thumb Code    24  st7735.o(.text)
    ST7735_SwapColor                         0x00000e27   Thumb Code    18  st7735.o(.text)
    ST7735_DrawBitmap                        0x00000e39   Thumb Code   280  st7735.o(.text)
    ST7735_DrawCharS                         0x00000f51   Thumb Code   232  st7735.o(.text)
    ST7735_DrawChar                          0x00001039   Thumb Code   268  st7735.o(.text)
    ST7735_DrawString                        0x00001145   Thumb Code    84  st7735.o(.text)
    fillmessage                              0x00001199   Thumb Code    64  st7735.o(.text)
    ST7735_OutUDec                           0x000011d9   Thumb Code   118  st7735.o(.text)
    ST7735_SetRotation                       0x0000124f   Thumb Code   196  st7735.o(.text)
    ST7735_InvertDisplay                     0x00001313   Thumb Code    22  st7735.o(.text)
    ST7735_PlotClear                         0x00001329   Thumb Code    74  st7735.o(.text)
    ST7735_PlotPoint                         0x00001373   Thumb Code   136  st7735.o(.text)
    ST7735_PlotLine                          0x000013fb   Thumb Code   242  st7735.o(.text)
    ST7735_PlotPoints                        0x000014ed   Thumb Code   154  st7735.o(.text)
    ST7735_PlotBar                           0x00001587   Thumb Code   132  st7735.o(.text)
    ST7735_PlotdBfs                          0x0000160b   Thumb Code    52  st7735.o(.text)
    ST7735_PlotNext                          0x0000163f   Thumb Code    28  st7735.o(.text)
    ST7735_PlotNextErase                     0x0000165b   Thumb Code    58  st7735.o(.text)
    ST7735_OutChar                           0x00001695   Thumb Code   176  st7735.o(.text)
    ST7735_OutString                         0x00001745   Thumb Code    22  st7735.o(.text)
    ST7735_SetTextColor                      0x0000175b   Thumb Code     6  st7735.o(.text)
    fputc                                    0x00001761   Thumb Code    16  st7735.o(.text)
    fgetc                                    0x00001771   Thumb Code     6  st7735.o(.text)
    ferror                                   0x00001777   Thumb Code     8  st7735.o(.text)
    Output_Init                              0x0000177f   Thumb Code    16  st7735.o(.text)
    Output_Clear                             0x0000178f   Thumb Code    10  st7735.o(.text)
    Output_Off                               0x00001799   Thumb Code     8  st7735.o(.text)
    Output_On                                0x000017a1   Thumb Code     8  st7735.o(.text)
    Output_Color                             0x000017a9   Thumb Code    12  st7735.o(.text)
    Switch_Init                              0x000017e1   Thumb Code    60  switch.o(.text)
    Poll_PC5                                 0x0000181d   Thumb Code    26  switch.o(.text)
    Poll_PC6                                 0x00001837   Thumb Code    26  switch.o(.text)
    Poll_PC7                                 0x00001851   Thumb Code    26  switch.o(.text)
    SysTick_Init                             0x0000188d   Thumb Code    96  systick.o(.text)
    SysTick_Wait                             0x000018ed   Thumb Code    32  systick.o(.text)
    drawMainMenu                             0x00001921   Thumb Code   120  lcd.o(.text)
    PWM0_Init                                0x00001a21   Thumb Code   126  pwm.o(.text)
    PWM0_Duty                                0x00001a9f   Thumb Code     8  pwm.o(.text)
    PWM4_Init                                0x00001aa7   Thumb Code   126  pwm.o(.text)
    PeriodMeasure_Init                       0x00001b3d   Thumb Code   118  pulsecount.o(.text)
    PeriodMeasure                            0x00001bb3   Thumb Code    92  pulsecount.o(.text)
    __scatterload                            0x00001c29   Thumb Code    28  init.o(.text)
    __scatterload_rt2                        0x00001c29   Thumb Code     0  init.o(.text)
    __scatterload_copy                       0x00001c4d   Thumb Code    14  handlers.o(i.__scatterload_copy)
    __scatterload_null                       0x00001c5b   Thumb Code     2  handlers.o(i.__scatterload_null)
    __scatterload_zeroinit                   0x00001c5d   Thumb Code    14  handlers.o(i.__scatterload_zeroinit)
    dBfs                                     0x0000224c   Data         512  st7735.o(.constdata)
    Region$$Table$$Base                      0x0000244c   Number         0  anon$$obj.o(Region$$Table)
    Region$$Table$$Limit                     0x0000246c   Number         0  anon$$obj.o(Region$$Table)
    constantDisplayMode                      0x20000000   Data           4  main.o(.data)
    distanceAlarmMode                        0x20000004   Data           4  main.o(.data)
    speedMeasureMode                         0x20000008   Data           4  main.o(.data)
    alarmOn                                  0x2000000c   Data           4  main.o(.data)
    desiredDistance                          0x20000010   Data           4  main.o(.data)
    digitCount                               0x20000014   Data           4  main.o(.data)
    tensValue                                0x20000018   Data           4  main.o(.data)
    onesValue                                0x2000001c   Data           4  main.o(.data)
    decValue                                 0x20000020   Data           4  main.o(.data)
    pause                                    0x20000024   Data           4  main.o(.data)
    count                                    0x20000028   Data           4  main.o(.data)
    testPastDistance                         0x2000002c   Data           4  main.o(.data)
    Tcount                                   0x20000030   Data           4  main.o(.data)
    StatusRF                                 0x20000034   Data           4  main.o(.data)
    period                                   0x20000038   Data           4  main.o(.data)
    sensorInput                              0x2000003c   Data           4  main.o(.data)
    StX                                      0x20000040   Data           4  st7735.o(.data)
    StY                                      0x20000044   Data           4  st7735.o(.data)
    StTextColor                              0x20000048   Data           2  st7735.o(.data)
    lastj                                    0x20000050   Data           4  st7735.o(.data)
    Messageindex                             0x20000058   Data           4  st7735.o(.data)
    Ymax                                     0x2000005c   Data           4  st7735.o(.data)
    Ymin                                     0x20000060   Data           4  st7735.o(.data)
    X                                        0x20000064   Data           4  st7735.o(.data)
    Yrange                                   0x20000068   Data           4  st7735.o(.data)
    pastDistances                            0x2000006c   Data          20  main.o(.bss)
    Message                                  0x20000080   Data          12  st7735.o(.bss)
    __initial_sp                             0x20000490   Data           0  startup.o(STACK)



==============================================================================

Memory Map of the image

  Image Entry point : 0x00000101

  Load Region LR_1 (Base: 0x00000000, Size: 0x000024d8, Max: 0xffffffff, ABSOLUTE)

    Execution Region ER_RO (Base: 0x00000000, Size: 0x0000246c, Max: 0xffffffff, ABSOLUTE)

    Base Addr    Size         Type   Attr      Idx    E Section Name        Object

    0x00000000   0x00000118   Code   RO            3  * RESET               startup.o
    0x00000118   0x00000000   Code   RO          122  * .ARM.Collect$$$$00000000  mc_w.l(entry.o)
    0x00000118   0x00000004   Code   RO          125    .ARM.Collect$$$$00000001  mc_w.l(entry2.o)
    0x0000011c   0x00000004   Code   RO          128    .ARM.Collect$$$$00000004  mc_w.l(entry5.o)
    0x00000120   0x00000000   Code   RO          130    .ARM.Collect$$$$00000008  mc_w.l(entry7b.o)
    0x00000120   0x00000000   Code   RO          132    .ARM.Collect$$$$0000000A  mc_w.l(entry8b.o)
    0x00000120   0x00000008   Code   RO          133    .ARM.Collect$$$$0000000B  mc_w.l(entry9a.o)
    0x00000128   0x00000000   Code   RO          135    .ARM.Collect$$$$0000000D  mc_w.l(entry10a.o)
    0x00000128   0x00000000   Code   RO          137    .ARM.Collect$$$$0000000F  mc_w.l(entry11a.o)
    0x00000128   0x00000004   Code   RO          126    .ARM.Collect$$$$00002712  mc_w.l(entry2.o)
    0x0000012c   0x0000001c   Code   RO            4    .text               startup.o
    0x00000148   0x000007bc   Code   RO           12    .text               main.o
    0x00000904   0x00000edc   Code   RO           45    .text               st7735.o
    0x000017e0   0x000000ac   Code   RO           62    .text               switch.o
    0x0000188c   0x00000094   Code   RO           74    .text               systick.o
    0x00001920   0x00000100   Code   RO           86    .text               lcd.o
    0x00001a20   0x0000011c   Code   RO           98    .text               pwm.o
    0x00001b3c   0x000000ec   Code   RO          110    .text               pulsecount.o
    0x00001c28   0x00000024   Code   RO          139    .text               mc_w.l(init.o)
    0x00001c4c   0x0000000e   Code   RO          143    i.__scatterload_copy  mc_w.l(handlers.o)
    0x00001c5a   0x00000002   Code   RO          144    i.__scatterload_null  mc_w.l(handlers.o)
    0x00001c5c   0x0000000e   Code   RO          145    i.__scatterload_zeroinit  mc_w.l(handlers.o)
    0x00001c6a   0x000007e2   Data   RO           47    .constdata          st7735.o
    0x0000244c   0x00000020   Data   RO          141    Region$$Table       anon$$obj.o


    Execution Region ER_RW (Base: 0x20000000, Size: 0x0000006c, Max: 0xffffffff, ABSOLUTE)

    Base Addr    Size         Type   Attr      Idx    E Section Name        Object

    0x20000000   0x00000040   Data   RW           14    .data               main.o
    0x20000040   0x0000002c   Data   RW           48    .data               st7735.o


    Execution Region ER_ZI (Base: 0x2000006c, Size: 0x00000424, Max: 0xffffffff, ABSOLUTE)

    Base Addr    Size         Type   Attr      Idx    E Section Name        Object

    0x2000006c   0x00000014   Zero   RW           13    .bss                main.o
    0x20000080   0x0000000c   Zero   RW           46    .bss                st7735.o
    0x2000008c   0x00000004   PAD
    0x20000090   0x00000400   Zero   RW            1    STACK               startup.o


==============================================================================

Image component sizes


      Code (inc. data)   RO Data    RW Data    ZI Data      Debug   Object Name

       256        136          0          0          0        443   lcd.o
      1980        364          0         64         20       9755   main.o
       236         26          0          0          0        731   pulsecount.o
       284         24          0          0          0        952   pwm.o
      3804        196       2018         44         12      14847   st7735.o
       308        258          0          0       1024        916   startup.o
       172         34          0          0          0       1001   switch.o
       148         20          0          0          0        680   systick.o

    ----------------------------------------------------------------------
      7188       1058       2050        108       1060      29325   Object Totals
         0          0         32          0          0          0   (incl. Generated)
         0          0          0          0          4          0   (incl. Padding)

    ----------------------------------------------------------------------

      Code (inc. data)   RO Data    RW Data    ZI Data      Debug   Library Member Name

         0          0          0          0          0          0   entry.o
         0          0          0          0          0          0   entry10a.o
         0          0          0          0          0          0   entry11a.o
         8          4          0          0          0          0   entry2.o
         4          0          0          0          0          0   entry5.o
         0          0          0          0          0          0   entry7b.o
         0          0          0          0          0          0   entry8b.o
         8          4          0          0          0          0   entry9a.o
        30          0          0          0          0          0   handlers.o
        36          8          0          0          0         68   init.o

    ----------------------------------------------------------------------
        86         16          0          0          0         68   Library Totals
         0          0          0          0          0          0   (incl. Padding)

    ----------------------------------------------------------------------

      Code (inc. data)   RO Data    RW Data    ZI Data      Debug   Library Name

        86         16          0          0          0         68   mc_w.l

    ----------------------------------------------------------------------
        86         16          0          0          0         68   Library Totals

    ----------------------------------------------------------------------

==============================================================================


      Code (inc. data)   RO Data    RW Data    ZI Data      Debug   

      7274       1074       2050        108       1060      28769   Grand Totals
      7274       1074       2050        108       1060      28769   ELF Image Totals
      7274       1074       2050        108          0          0   ROM Totals

==============================================================================

    Total RO  Size (Code + RO Data)                 9324 (   9.11kB)
    Total RW  Size (RW Data + ZI Data)              1168 (   1.14kB)
    Total ROM Size (Code + RO Data + RW Data)       9432 (   9.21kB)

==============================================================================

